[2026-06-02T12:21:37.177+0000] {taskinstance.py:1979} INFO - Dependencies all met for dep_context=non-requeueable deps ti=<TaskInstance: etl_process.etl_process_task manual__2026-06-02T12:21:35.875762+00:00 [queued]>
[2026-06-02T12:21:37.191+0000] {taskinstance.py:1979} INFO - Dependencies all met for dep_context=requeueable deps ti=<TaskInstance: etl_process.etl_process_task manual__2026-06-02T12:21:35.875762+00:00 [queued]>
[2026-06-02T12:21:37.191+0000] {taskinstance.py:2193} INFO - Starting attempt 1 of 2
[2026-06-02T12:21:37.205+0000] {taskinstance.py:2217} INFO - Executing <Task(PythonOperator): etl_process_task> on 2026-06-02 12:21:35.875762+00:00
[2026-06-02T12:21:37.209+0000] {standard_task_runner.py:60} INFO - Started process 188 to run task
[2026-06-02T12:21:37.212+0000] {standard_task_runner.py:87} INFO - Running: ['airflow', 'tasks', 'run', 'etl_process', 'etl_process_task', 'manual__2026-06-02T12:21:35.875762+00:00', '--job-id', '30', '--raw', '--subdir', 'DAGS_FOLDER/dag_1.py', '--cfg-path', '/tmp/tmp9wtrwd3z']
[2026-06-02T12:21:37.214+0000] {standard_task_runner.py:88} INFO - Job 30: Subtask etl_process_task
[2026-06-02T12:21:37.269+0000] {task_command.py:423} INFO - Running <TaskInstance: etl_process.etl_process_task manual__2026-06-02T12:21:35.875762+00:00 [running]> on host b8eb0c5bd819
[2026-06-02T12:21:37.363+0000] {taskinstance.py:2513} INFO - Exporting env vars: AIRFLOW_CTX_DAG_OWNER='airflow' AIRFLOW_CTX_DAG_ID='etl_process' AIRFLOW_CTX_TASK_ID='etl_process_task' AIRFLOW_CTX_EXECUTION_DATE='2026-06-02T12:21:35.875762+00:00' AIRFLOW_CTX_TRY_NUMBER='1' AIRFLOW_CTX_DAG_RUN_ID='manual__2026-06-02T12:21:35.875762+00:00'
[2026-06-02T12:21:37.374+0000] {base.py:83} INFO - Using connection ID 'postgres_default' for task execution.
[2026-06-02T12:21:37.376+0000] {taskinstance.py:2731} ERROR - Task failed with exception
Traceback (most recent call last):
  File "/home/airflow/.local/lib/python3.8/site-packages/airflow/models/taskinstance.py", line 444, in _execute_task
    result = _execute_callable(context=context, **execute_callable_kwargs)
  File "/home/airflow/.local/lib/python3.8/site-packages/airflow/models/taskinstance.py", line 414, in _execute_callable
    return execute_callable(context=context, **execute_callable_kwargs)
  File "/home/airflow/.local/lib/python3.8/site-packages/airflow/operators/python.py", line 200, in execute
    return_value = self.execute_callable()
  File "/home/airflow/.local/lib/python3.8/site-packages/airflow/operators/python.py", line 217, in execute_callable
    return self.python_callable(*self.op_args, **self.op_kwargs)
  File "/opt/airflow/dags/dag_1.py", line 23, in read_file
    processed_files = {row[0] for row in pg_hook.get_records(processed_query)}
  File "/home/airflow/.local/lib/python3.8/site-packages/airflow/providers/common/sql/hooks/sql.py", line 267, in get_records
    return self.run(sql=sql, parameters=parameters, handler=fetch_all_handler)
  File "/home/airflow/.local/lib/python3.8/site-packages/airflow/providers/common/sql/hooks/sql.py", line 397, in run
    with closing(self.get_conn()) as conn:
  File "/home/airflow/.local/lib/python3.8/site-packages/airflow/providers/postgres/hooks/postgres.py", line 161, in get_conn
    self.conn = psycopg2.connect(**conn_args)
  File "/home/airflow/.local/lib/python3.8/site-packages/psycopg2/__init__.py", line 122, in connect
    conn = _connect(dsn, connection_factory=connection_factory, **kwasync)
psycopg2.OperationalError: connection to server at "localhost" (::1), port 5432 failed: Connection refused
	Is the server running on that host and accepting TCP/IP connections?
connection to server at "localhost" (127.0.0.1), port 5432 failed: Connection refused
	Is the server running on that host and accepting TCP/IP connections?

[2026-06-02T12:21:37.388+0000] {taskinstance.py:1149} INFO - Marking task as UP_FOR_RETRY. dag_id=etl_process, task_id=etl_process_task, execution_date=20260602T122135, start_date=20260602T122137, end_date=20260602T122137
[2026-06-02T12:21:37.402+0000] {standard_task_runner.py:107} ERROR - Failed to execute job 30 for task etl_process_task (connection to server at "localhost" (::1), port 5432 failed: Connection refused
	Is the server running on that host and accepting TCP/IP connections?
connection to server at "localhost" (127.0.0.1), port 5432 failed: Connection refused
	Is the server running on that host and accepting TCP/IP connections?
; 188)
[2026-06-02T12:21:37.425+0000] {local_task_job_runner.py:234} INFO - Task exited with return code 1
[2026-06-02T12:21:37.447+0000] {taskinstance.py:3312} INFO - 0 downstream tasks scheduled from follow-on schedule check
