[2026-06-02T11:20:07.759+0000] {taskinstance.py:1979} INFO - Dependencies all met for dep_context=non-requeueable deps ti=<TaskInstance: etl_process.etl_process_task manual__2026-06-02T11:15:05.453060+00:00 [queued]>
[2026-06-02T11:20:07.770+0000] {taskinstance.py:1979} INFO - Dependencies all met for dep_context=requeueable deps ti=<TaskInstance: etl_process.etl_process_task manual__2026-06-02T11:15:05.453060+00:00 [queued]>
[2026-06-02T11:20:07.771+0000] {taskinstance.py:2193} INFO - Starting attempt 2 of 2
[2026-06-02T11:20:07.789+0000] {taskinstance.py:2217} INFO - Executing <Task(PythonOperator): etl_process_task> on 2026-06-02 11:15:05.453060+00:00
[2026-06-02T11:20:07.794+0000] {standard_task_runner.py:60} INFO - Started process 4386 to run task
[2026-06-02T11:20:07.797+0000] {standard_task_runner.py:87} INFO - Running: ['airflow', 'tasks', 'run', 'etl_process', 'etl_process_task', 'manual__2026-06-02T11:15:05.453060+00:00', '--job-id', '10', '--raw', '--subdir', 'DAGS_FOLDER/dag_1.py', '--cfg-path', '/tmp/tmpee56nfo1']
[2026-06-02T11:20:07.799+0000] {standard_task_runner.py:88} INFO - Job 10: Subtask etl_process_task
[2026-06-02T11:20:07.851+0000] {task_command.py:423} INFO - Running <TaskInstance: etl_process.etl_process_task manual__2026-06-02T11:15:05.453060+00:00 [running]> on host 283c75ebe685
[2026-06-02T11:20:07.937+0000] {taskinstance.py:2513} INFO - Exporting env vars: AIRFLOW_CTX_DAG_OWNER='airflow' AIRFLOW_CTX_DAG_ID='etl_process' AIRFLOW_CTX_TASK_ID='etl_process_task' AIRFLOW_CTX_EXECUTION_DATE='2026-06-02T11:15:05.453060+00:00' AIRFLOW_CTX_TRY_NUMBER='2' AIRFLOW_CTX_DAG_RUN_ID='manual__2026-06-02T11:15:05.453060+00:00'
[2026-06-02T11:20:07.938+0000] {taskinstance.py:2731} ERROR - Task failed with exception
Traceback (most recent call last):
  File "/home/airflow/.local/lib/python3.8/site-packages/airflow/models/taskinstance.py", line 444, in _execute_task
    result = _execute_callable(context=context, **execute_callable_kwargs)
  File "/home/airflow/.local/lib/python3.8/site-packages/airflow/models/taskinstance.py", line 414, in _execute_callable
    return execute_callable(context=context, **execute_callable_kwargs)
  File "/home/airflow/.local/lib/python3.8/site-packages/airflow/operators/python.py", line 200, in execute
    return_value = self.execute_callable()
  File "/home/airflow/.local/lib/python3.8/site-packages/airflow/operators/python.py", line 217, in execute_callable
    return self.python_callable(*self.op_args, **self.op_kwargs)
  File "/opt/airflow/dags/dag_1.py", line 14, in read_file
    os.makedirs(INPUT_DIR)
  File "/usr/local/lib/python3.8/os.py", line 223, in makedirs
    mkdir(name, mode)
PermissionError: [Errno 13] Permission denied: '../airflow_input/'
[2026-06-02T11:20:07.952+0000] {taskinstance.py:1149} INFO - Marking task as FAILED. dag_id=etl_process, task_id=etl_process_task, execution_date=20260602T111505, start_date=20260602T112007, end_date=20260602T112007
[2026-06-02T11:20:07.965+0000] {standard_task_runner.py:107} ERROR - Failed to execute job 10 for task etl_process_task ([Errno 13] Permission denied: '../airflow_input/'; 4386)
[2026-06-02T11:20:08.010+0000] {local_task_job_runner.py:234} INFO - Task exited with return code 1
[2026-06-02T11:20:08.034+0000] {taskinstance.py:3312} INFO - 0 downstream tasks scheduled from follow-on schedule check
